apiVersion: v1
kind: Namespace
metadata:
  creationTimestamp: null
  name: emojivoto
spec: {}
status: {}
---
