apiVersion: v1
kind: Namespace
metadata:
  annotations:
    linkerd.io/inject: enabled
  creationTimestamp: null
  name: emojivoto
spec: {}
status: {}
---
